Γû▓ Next.js 16.2.2 (Turbopack)
- Environments: .env

node.exe : ΓÜá The "middleware" file convention is deprecated. 
Please use "proxy" instead. Learn more: 
https://nextjs.org/docs/messages/middleware-to-proxy
At line:1 char:1
+ & "C:\Program Files\nodejs/node.exe" "C:\Users\prajwal 
shetty\AppData ...
+ ~~~~~~~~~~~~~~~~~~~~~~~~~~~~~~~~~~~~~~~~~~~~~~~~~~~~~~~~~~~~~~
~~~~~~~
    + CategoryInfo          : NotSpecified: (ΓÜá The "middle... 
   leware-to-proxy:String) [], RemoteException
    + FullyQualifiedErrorId : NativeCommandError
 
  Creating an optimized production build ...
Γ£ô Compiled successfully in 6.7s
  Running TypeScript ...
  Finished TypeScript in 8.8s ...
  Collecting page data using 11 workers ...
Error [PrismaClientInitializationError]: `PrismaClient` needs 
to be constructed with a non-empty, valid `PrismaClientOptions`:

```
new PrismaClient({
  ...
})
```

or

```
constructor() {
  super({ ... });
}
```
          
    at module evaluation (E:\projects\aakar2025-main\.next\serve
r\chunks\[root-of-the-server]__0~btr_d._.js:2:630)
    at instantiateModule (E:\projects\aakar2025-main\.next\serve
r\chunks\[turbopack]_runtime.js:853:9)
    at instantiateRuntimeModule (E:\projects\aakar2025-main\.nex
t\server\chunks\[turbopack]_runtime.js:882:12)
    at getOrInstantiateRuntimeModule (E:\projects\aakar2025-main
\.next\server\chunks\[turbopack]_runtime.js:895:12)
    at Object.m (E:\projects\aakar2025-main\.next\server\chunks\
[turbopack]_runtime.js:898:18)
    at Object.<anonymous> (E:\projects\aakar2025-main\.next\serv
er\app\api\isAdmin\route.js:6:3) {
  clientVersion: '7.6.0',
  errorCode: undefined,
  retryable: undefined
}

> Build error occurred
Error: Failed to collect page data for /api/isAdmin
    at ignore-listed frames {
  type: 'Error'
}
